
> frontend@0.1.0 build
> craco build

node.exe : node:internal/modules/cjs/loader:1383
At line:1 char:1
+ & "C:\Program Files\nodejs/node.exe" "C:\Users\manav\AppData\Roaming\ ...
+ ~~~~~~~~~~~~~~~~~~~~~~~~~~~~~~~~~~~~~~~~~~~~~~~~~~~~~~~~~~~~~~~~~~~~~
    + CategoryInfo          : NotSpecified: (node:internal/modules/cjs/loader:1383:String) [], RemoteException
    + FullyQualifiedErrorId : NativeCommandError
 
  const err = new Error(message);
              ^

Error: Cannot find module 'ajv/dist/compile/codegen'
Require stack:
- C:\Users\manav\startups\portfolioroaster.ai\frontend\node_modules\ajv-keywords\dist\definitions\typeof.js
- C:\Users\manav\startups\portfolioroaster.ai\frontend\node_modules\ajv-keywords\dist\keywords\typeof.js
- C:\Users\manav\startups\portfolioroaster.ai\frontend\node_modules\ajv-keywords\dist\keywords\index.js
- C:\Users\manav\startups\portfolioroaster.ai\frontend\node_modules\ajv-keywords\dist\index.js
- C:\Users\manav\startups\portfolioroaster.ai\frontend\node_modules\schema-utils\dist\validate.js
- C:\Users\manav\startups\portfolioroaster.ai\frontend\node_modules\schema-utils\dist\index.js
- C:\Users\manav\startups\portfolioroaster.ai\frontend\node_modules\terser-webpack-plugin\dist\index.js
- C:\Users\manav\startups\portfolioroaster.ai\frontend\node_modules\react-scripts\config\webpack.config.js
- C:\Users\manav\startups\portfolioroaster.ai\frontend\node_modules\@craco\craco\dist\lib\cra.js
- C:\Users\manav\startups\portfolioroaster.ai\frontend\node_modules\@craco\craco\dist\scripts\build.js
    at Function._resolveFilename (node:internal/modules/cjs/loader:1383:15)
    at defaultResolveImpl (node:internal/modules/cjs/loader:1025:19)
    at resolveForCJSWithHooks (node:internal/modules/cjs/loader:1030:22)
    at Function._load (node:internal/modules/cjs/loader:1192:37)
    at TracingChannel.traceSync (node:diagnostics_channel:322:14)
    at wrapModuleLoad (node:internal/modules/cjs/loader:237:24)
    at Module.require (node:internal/modules/cjs/loader:1463:12)
    at require (node:internal/modules/helpers:147:16)
    at Object.<anonymous> 
(C:\Users\manav\startups\portfolioroaster.ai\frontend\node_modules\ajv-keywords\dist\definitions\typeof.js:3:19)
    at Module._compile (node:internal/modules/cjs/loader:1706:14) {
  code: 'MODULE_NOT_FOUND',
  requireStack: [
    
'C:\\Users\\manav\\startups\\portfolioroaster.ai\\frontend\\node_modules\\ajv-keywords\\dist\\definitions\\typeof.js',
    'C:\\Users\\manav\\startups\\portfolioroaster.ai\\frontend\\node_modules\\ajv-keywords\\dist\\keywords\\typeof.js',
    'C:\\Users\\manav\\startups\\portfolioroaster.ai\\frontend\\node_modules\\ajv-keywords\\dist\\keywords\\index.js',
    'C:\\Users\\manav\\startups\\portfolioroaster.ai\\frontend\\node_modules\\ajv-keywords\\dist\\index.js',
    'C:\\Users\\manav\\startups\\portfolioroaster.ai\\frontend\\node_modules\\schema-utils\\dist\\validate.js',
    'C:\\Users\\manav\\startups\\portfolioroaster.ai\\frontend\\node_modules\\schema-utils\\dist\\index.js',
    'C:\\Users\\manav\\startups\\portfolioroaster.ai\\frontend\\node_modules\\terser-webpack-plugin\\dist\\index.js',
    
'C:\\Users\\manav\\startups\\portfolioroaster.ai\\frontend\\node_modules\\react-scripts\\config\\webpack.config.js',
    'C:\\Users\\manav\\startups\\portfolioroaster.ai\\frontend\\node_modules\\@craco\\craco\\dist\\lib\\cra.js',
    'C:\\Users\\manav\\startups\\portfolioroaster.ai\\frontend\\node_modules\\@craco\\craco\\dist\\scripts\\build.js'
  ]
}

Node.js v22.19.0
